// Jest Snapshot v1, https://goo.gl/fbAQLP

exports[`Whole component renders correctly 1`] = `
.c5 {
  display: inline-block;
  fill: currentcolor;
  width: 16px;
  height: 16px;
}

.c0 {
  padding: 3px 10px 11px;
  width: 100%;
  box-sizing: border-box;
  border-bottom-left-radius: 3px;
  border-bottom-right-radius: 3px;
  float: left;
}

.c1 {
  float: left;
  padding-top: 1px;
  position: relative;
  display: -webkit-box;
  display: -webkit-flex;
  display: -ms-flexbox;
  display: flex;
  width: 100%;
}

.c2 {
  font-weight: 600;
  font-size: 12px;
  color: #3D3D3D;
  width: 120px;
  padding-top: 6px;
}

.c3 {
  -webkit-box-flex: 1;
  -webkit-flex-grow: 1;
  -ms-flex-positive: 1;
  flex-grow: 1;
}

.c4 {
  position: absolute;
  cursor: pointer;
  top: 8px;
  right: -2px;
  border: 0;
  background: none;
  color: #b8b8b8;
}

.c4:hover {
  color: #333;
}

.c4:focus {
  outline: none;
}

<div
  className="c0"
>
  <div
    className="c1"
  >
    <label
      className="c2"
    >
      Location
    </label>
    <span
      className="c3"
    >
      <div
        style={
          Object {
            "width": "100%",
          }
        }
      >
        <input
          aria-autocomplete="list"
          aria-expanded={false}
          autoComplete="off"
          className="locationFieldInput"
          onBlur={[Function]}
          onChange={[Function]}
          onClick={[Function]}
          onFocus={[Function]}
          onKeyDown={[Function]}
          placeholder="Start typing a location..."
          role="combobox"
          value="New York"
        />
      </div>
      <button
        aria-label="Remove location"
        className="c4"
        onClick={[Function]}
      >
        <svg
          className="c5"
          size="medium"
          viewBox="0 0 16 16"
        >
          <g>
            <path
              d="M10.828 12.243a1 1 0 001.415-1.415L9.414 8l2.829-2.828a1 1 0 00-1.415-1.415L8 6.586 5.172 3.757a1 1 0 00-1.415 1.415L6.586 8l-2.829 2.828a1 1 0 001.415 1.415L8 9.414l2.828 2.829z"
            />
          </g>
        </svg>
      </button>
    </span>
  </div>
</div>
`;

exports[`Whole component renders with cross to remove location when set 1`] = `
.c5 {
  display: inline-block;
  fill: currentcolor;
  width: 16px;
  height: 16px;
}

.c0 {
  padding: 3px 10px 11px;
  width: 100%;
  box-sizing: border-box;
  border-bottom-left-radius: 3px;
  border-bottom-right-radius: 3px;
  float: left;
}

.c1 {
  float: left;
  padding-top: 1px;
  position: relative;
  display: -webkit-box;
  display: -webkit-flex;
  display: -ms-flexbox;
  display: flex;
  width: 100%;
}

.c2 {
  font-weight: 600;
  font-size: 12px;
  color: #3D3D3D;
  width: 120px;
  padding-top: 6px;
}

.c3 {
  -webkit-box-flex: 1;
  -webkit-flex-grow: 1;
  -ms-flex-positive: 1;
  flex-grow: 1;
}

.c4 {
  position: absolute;
  cursor: pointer;
  top: 8px;
  right: -2px;
  border: 0;
  background: none;
  color: #b8b8b8;
}

.c4:hover {
  color: #333;
}

.c4:focus {
  outline: none;
}

<div
  className="c0"
>
  <div
    className="c1"
  >
    <label
      className="c2"
    >
      Location
    </label>
    <span
      className="c3"
    >
      <div
        style={
          Object {
            "width": "100%",
          }
        }
      >
        <input
          aria-autocomplete="list"
          aria-expanded={false}
          autoComplete="off"
          className="locationFieldInput"
          onBlur={[Function]}
          onChange={[Function]}
          onClick={[Function]}
          onFocus={[Function]}
          onKeyDown={[Function]}
          placeholder="Start typing a location..."
          role="combobox"
          value="New York"
        />
      </div>
      <button
        aria-label="Remove location"
        className="c4"
        onClick={[Function]}
      >
        <svg
          className="c5"
          size="medium"
          viewBox="0 0 16 16"
        >
          <g>
            <path
              d="M10.828 12.243a1 1 0 001.415-1.415L9.414 8l2.829-2.828a1 1 0 00-1.415-1.415L8 6.586 5.172 3.757a1 1 0 00-1.415 1.415L6.586 8l-2.829 2.828a1 1 0 001.415 1.415L8 9.414l2.828 2.829z"
            />
          </g>
        </svg>
      </button>
    </span>
  </div>
</div>
`;

exports[`Whole component renders with location name when set 1`] = `
.c5 {
  display: inline-block;
  fill: currentcolor;
  width: 16px;
  height: 16px;
}

.c0 {
  padding: 3px 10px 11px;
  width: 100%;
  box-sizing: border-box;
  border-bottom-left-radius: 3px;
  border-bottom-right-radius: 3px;
  float: left;
}

.c1 {
  float: left;
  padding-top: 1px;
  position: relative;
  display: -webkit-box;
  display: -webkit-flex;
  display: -ms-flexbox;
  display: flex;
  width: 100%;
}

.c2 {
  font-weight: 600;
  font-size: 12px;
  color: #3D3D3D;
  width: 120px;
  padding-top: 6px;
}

.c3 {
  -webkit-box-flex: 1;
  -webkit-flex-grow: 1;
  -ms-flex-positive: 1;
  flex-grow: 1;
}

.c4 {
  position: absolute;
  cursor: pointer;
  top: 8px;
  right: -2px;
  border: 0;
  background: none;
  color: #b8b8b8;
}

.c4:hover {
  color: #333;
}

.c4:focus {
  outline: none;
}

<div
  className="c0"
>
  <div
    className="c1"
  >
    <label
      className="c2"
    >
      Location
    </label>
    <span
      className="c3"
    >
      <div
        style={
          Object {
            "width": "100%",
          }
        }
      >
        <input
          aria-autocomplete="list"
          aria-expanded={false}
          autoComplete="off"
          className="locationFieldInput"
          onBlur={[Function]}
          onChange={[Function]}
          onClick={[Function]}
          onFocus={[Function]}
          onKeyDown={[Function]}
          placeholder="Start typing a location..."
          role="combobox"
          value="New York"
        />
      </div>
      <button
        aria-label="Remove location"
        className="c4"
        onClick={[Function]}
      >
        <svg
          className="c5"
          size="medium"
          viewBox="0 0 16 16"
        >
          <g>
            <path
              d="M10.828 12.243a1 1 0 001.415-1.415L9.414 8l2.829-2.828a1 1 0 00-1.415-1.415L8 6.586 5.172 3.757a1 1 0 00-1.415 1.415L6.586 8l-2.829 2.828a1 1 0 001.415 1.415L8 9.414l2.828 2.829z"
            />
          </g>
        </svg>
      </button>
    </span>
  </div>
</div>
`;
